// Jest Snapshot v1, https://goo.gl/fbAQLP

exports[`Header should have a people, planets, vehicles and favorites button 1`] = `
<div
  className="Header"
>
  <img
    alt="Star Wars Logo"
    className="logo"
    src="Star_Wars_Yellow_Logo.svg"
  />
  <div
    className="button-wrapper"
  >
    <button
      className="light"
      onClick={[Function]}
    >
      people
    </button>
    <button
      className="light"
      onClick={[Function]}
    >
      planets
    </button>
    <button
      className="light"
      onClick={[Function]}
    >
      vehicles
    </button>
    <button
      className="dark"
      onClick={[Function]}
    >
      favorites
    </button>
  </div>
</div>
`;
