// Jest Snapshot v1, https://goo.gl/fbAQLP

exports[`Card exists and matches snapshot 1`] = `
<article
  className="Card active"
>
  <h1>
    Endor
  </h1>
  <p
    key="terrain"
  >
    terrain : forest
  </p>
  <p
    key="climate"
  >
    climate : temperate
  </p>
  <p
    key="population"
  >
    population : 30000000
  </p>
  <p
    key="residents"
  >
    residents : Ewoks
  </p>
  <button
    className="light"
    onClick={[Function]}
  >
    favorite
  </button>
</article>
`;
